Mocking student login...
Mocking VC...
Sending POST to production...
Response Time: 624ms
Status: 400 
Body: {"success":false,"error":"Invalid VC: invalid_signature: no matching public key found","stack":"Error: Invalid VC: invalid_signature: no matching public key found\n    at /app/routes/did.js:254:23\n    at process.processTicksAndRejections (node:internal/process/task_queues:103:5)"}
